// Jest Snapshot v1, https://goo.gl/fbAQLP

exports[`NetworkConnectivity defaultProps 1`] = `
Object {
  "customHeaders": Object {},
  "httpMethod": "HEAD",
  "onConnectivityChange": [Function],
  "pingInBackground": false,
  "pingInterval": 0,
  "pingOnlyIfOffline": false,
  "pingServerUrl": "https://www.google.com/",
  "pingTimeout": 10000,
  "shouldPing": true,
}
`;
